---
source: crates/ohno_macros/src/enrich_err/test_attrs.rs
expression: format_tokens(result)
---
fn test_function<T>(value: T) -> Result<(), OhnoErrorType> {
    (|| { Ok(()) })()
        .map_err(|mut e| {
            let msg = "error in function test_function";
            ohno::Enrichable::add_enrichment(
                &mut e,
                ohno::EnrichmentEntry::new(msg, file!(), line!()),
            );
            e
        })
}
