---
source: crates/thread_aware_macros_impl/tests/derive.rs
expression: expand(input)
---
impl<T: ::thread_aware::ThreadAware> ::thread_aware::ThreadAware for RefUse<T> {
    #[allow(
        clippy::redundant_clone,
        reason = "macro generated pattern moves each field once"
    )]
    fn relocated(
        self,
        source: ::thread_aware::affinity::MemoryAffinity,
        destination: ::thread_aware::affinity::PinnedAffinity,
    ) -> Self {
        let RefUse(_f0) = self;
        RefUse(::thread_aware::ThreadAware::relocated(_f0, source, destination))
    }
}
