---
source: crates/thread_aware_macros_impl/tests/derive.rs
expression: expand(input)
---
impl<'a, const N: usize, T: ::thread_aware::ThreadAware> ::thread_aware::ThreadAware
for Mixed<'a, N, T> {
    fn relocate(
        &mut self,
        __thread_aware_source: ::core::option::Option<
            ::thread_aware::affinity::Affinity,
        >,
        __thread_aware_destination: ::thread_aware::affinity::Affinity,
    ) {
        ::thread_aware::ThreadAware::relocate(
            &mut self.0,
            __thread_aware_source,
            __thread_aware_destination,
        );
        ::thread_aware::ThreadAware::relocate(
            &mut self.1,
            __thread_aware_source,
            __thread_aware_destination,
        );
    }
}
