---
source: crates/thread_aware_macros_impl/tests/derive.rs
expression: expand(input)
---
impl<T: Iterator> ::thread_aware::ThreadAware for PhantomProjection<T>
where
    T::Item: ::core::marker::Send,
{
    fn relocate(
        &mut self,
        source: Option<::thread_aware::affinity::Affinity>,
        destination: ::thread_aware::affinity::Affinity,
    ) {}
}
