---
source: crates/thread_aware_macros_impl/tests/derive.rs
expression: expand(input)
---
impl<T> ::thread_aware::ThreadAware for SkippedGeneric<T>
where
    SkippedGeneric<T>: ::core::marker::Send,
{
    fn relocate(
        &mut self,
        __thread_aware_source: ::core::option::Option<
            ::thread_aware::affinity::Affinity,
        >,
        __thread_aware_destination: ::thread_aware::affinity::Affinity,
    ) {}
}
