---
source: crates/thread_aware_macros_impl/tests/derive.rs
expression: expand(input)
---
impl<'a, const N: usize, T> ::thread_aware::ThreadAware for Mixed<'a, N, T>
where
    core::marker::PhantomData<(&'a T, [u8; N])>: ::thread_aware::ThreadAware,
{
    fn relocate(
        &mut self,
        source: Option<::thread_aware::affinity::Affinity>,
        destination: ::thread_aware::affinity::Affinity,
    ) {
        ::thread_aware::ThreadAware::relocate(&mut self.0, source, destination);
        ::thread_aware::ThreadAware::relocate(&mut self.1, source, destination);
    }
}
