---
source: crates/thread_aware_macros_impl/tests/derive.rs
expression: expand(input)
---
impl ::thread_aware::ThreadAware for UnitStruct {
    fn relocate(
        &mut self,
        source: Option<::thread_aware::affinity::Affinity>,
        destination: ::thread_aware::affinity::Affinity,
    ) {}
}
