---
source: crates/autoresolve_macros_impl/src/base.rs
expression: pretty_print(result)
---
mod base_mod {
    struct Base {
        scheduler: Scheduler,
        clock: Clock,
    }
    #[doc(hidden)]
    pub(crate) use Scheduler as __Part0;
    #[doc(hidden)]
    pub(crate) use Clock as __Part1;
    #[allow(unused_imports)]
    pub(crate) use Scheduler as Scheduler;
    #[allow(unused_imports)]
    pub(crate) use Clock as Clock;
    impl ::autoresolve::ResolveFrom<Base> for Scheduler {
        type Inputs = ::autoresolve::ResolutionDepsEnd;
        fn new(_: ::autoresolve::ResolutionDepsEnd) -> Self {
            unreachable!("base types are pre-inserted into the resolver")
        }
    }
    impl ::autoresolve::ResolveFrom<Base> for Clock {
        type Inputs = ::autoresolve::ResolutionDepsEnd;
        fn new(_: ::autoresolve::ResolutionDepsEnd) -> Self {
            unreachable!("base types are pre-inserted into the resolver")
        }
    }
}
impl ::autoresolve::BaseType<base_mod::Base> for base_mod::Base {
    fn insert_into(
        self,
        __store: &mut impl ::autoresolve::ResolverStore<base_mod::Base>,
    ) {
        let Self { scheduler, clock } = self;
        __store.store_value(scheduler);
        __store.store_value(clock);
    }
}
#[doc(hidden)]
#[allow(unused_macros)]
macro_rules! Base {
    (@ impls $base:path) => {
        impl ::autoresolve::ResolveFrom < $base > for base_mod::__Part0 { type Inputs =
        ::autoresolve::ResolutionDepsEnd; fn new(_ : ::autoresolve::ResolutionDepsEnd) ->
        Self { unreachable!("root types are pre-inserted into the resolver") } } impl
        ::autoresolve::ResolveFrom < $base > for base_mod::__Part1 { type Inputs =
        ::autoresolve::ResolutionDepsEnd; fn new(_ : ::autoresolve::ResolutionDepsEnd) ->
        Self { unreachable!("root types are pre-inserted into the resolver") } }
    };
    (@ insert $store:ident, $name:ident) => {
        $store .store_value($name .scheduler); $store .store_value($name .clock);
    };
}
const _: fn() = || {
    _ = std::mem::size_of::<crate::base_mod::__Part0>();
    _ = std::mem::size_of::<crate::base_mod::__Part1>();
};
