---
source: crates/autoresolve_macros_impl/src/base.rs
expression: pretty_print(result)
---
struct Base {
    builtins: Builtins,
    telemetry: Telemetry,
}
#[doc(hidden)]
pub mod app_base_helper {
    use super::*;
    #[doc(hidden)]
    pub type Base_Part0_Telemetry = Telemetry;
    #[doc(hidden)]
    #[macro_export]
    macro_rules! __autoresolve_gen_app_base_helper {
        ([$($helper:tt)*], $mangled:ident, $dollar:tt) => {
            #[doc(hidden)] #[macro_export] macro_rules! $mangled { (@ impls $dollar base
            : path) => { Builtins!(@ impls $dollar base); impl ::autoresolve::ResolveFrom
            < $dollar base > for $($helper)* ::Base_Part0_Telemetry { type Inputs =
            ::autoresolve::ResolutionDepsEnd; fn new(_ :
            ::autoresolve::ResolutionDepsEnd) -> Self {
            unreachable!("root types are pre-inserted into the resolver") } } }; (@
            insert $dollar store : ident, $dollar name : ident) => { { let __spread =
            $dollar name.builtins; Builtins!(@ insert $dollar store, __spread); } $dollar
            store.store_value($dollar name.telemetry); }; (@ reexport[$dollar ($dollar
            new_helper : tt) *], $dollar new_mangled : ident, $dollar dd : tt) => { pub
            use $crate::app_base_helper::Base_Part0_Telemetry; pub use
            $crate::app_base_helper::__generator;
            $crate::app_base_helper::__generator!([$dollar ($dollar new_helper) *],
            $dollar new_mangled, $dollar dd); }; }
        };
    }
    #[doc(hidden)]
    pub use __autoresolve_gen_app_base_helper as __generator;
    __generator!([crate ::app_base_helper], __autoresolve_app_base_helper, $);
    #[doc(hidden)]
    pub use __autoresolve_app_base_helper as Base;
}
#[doc(hidden)]
pub use app_base_helper::Base;
Base!(@ impls Base);
impl ::autoresolve::BaseType for Base {
    type Parent = ();
    fn insert_into(self, __store: &mut impl ::autoresolve::ResolverStore<Base>) {
        let Self { builtins, telemetry } = self;
        Builtins!(@ insert __store, builtins);
        __store.store_value(telemetry);
    }
}
const _: fn() = || {
    _ = std::mem::size_of::<app_base_helper::Base_Part0_Telemetry>();
};
