---
source: crates/autoresolve_macros_impl/src/base.rs
expression: pretty_print(result)
---
struct ScopedRoots {
    request_context: RequestContext,
}
#[doc(hidden)]
pub mod scoped_helper {
    use super::*;
    pub use crate::Base;
    #[doc(hidden)]
    pub type ScopedRoots_Part0_RequestContext = RequestContext;
    #[doc(hidden)]
    #[macro_export]
    macro_rules! __autoresolve_scoped_helper {
        (@ impls $base:path) => {
            $crate::scoped_helper::Base!(@ impls $base); impl ::autoresolve::ResolveFrom
            < $base > for $crate::scoped_helper::ScopedRoots_Part0_RequestContext { type
            Inputs = ::autoresolve::ResolutionDepsEnd; fn new(_ :
            ::autoresolve::ResolutionDepsEnd) -> Self {
            unreachable!("root types are pre-inserted into the resolver") } }
        };
        (@ insert $store:ident, $name:ident) => {
            $store .store_value($name .request_context);
        };
    }
    #[doc(hidden)]
    pub use __autoresolve_scoped_helper as ScopedRoots;
}
#[doc(hidden)]
pub use scoped_helper::ScopedRoots;
impl ::autoresolve::ScopedUnder for ScopedRoots {
    type Parent = crate::Base;
}
ScopedRoots!(@ impls ScopedRoots);
impl ::autoresolve::BaseType<ScopedRoots> for ScopedRoots {
    fn insert_into(self, __store: &mut impl ::autoresolve::ResolverStore<ScopedRoots>) {
        let Self { request_context } = self;
        __store.store_value(request_context);
    }
}
const _: fn() = || {
    _ = std::mem::size_of::<scoped_helper::ScopedRoots_Part0_RequestContext>();
};
