---
source: crates/autoresolve_macros_impl/src/base.rs
assertion_line: 782
expression: pretty_print(result)
---
struct Base {
    builtins: Builtins,
    telemetry: Telemetry,
}
#[doc(hidden)]
pub mod app_base_helper {
    use super::*;
    #[doc(hidden)]
    #[allow(non_camel_case_types)]
    pub type Base_Part0_Telemetry = Telemetry;
    #[doc(hidden)]
    pub use super::Builtins as __spread_Builtins;
    #[doc(hidden)]
    #[macro_export]
    macro_rules! __autoresolve_gen_app_base_helper {
        ([crate $(:: $helper_seg:ident)*], $mangled:ident, $dollar:tt) => {
            #[doc(hidden)] #[macro_export] macro_rules! $mangled { (@ impls $dollar base
            : path) => { $dollar crate $(:: $helper_seg)* ::__spread_Builtins!(@ impls
            $dollar base); impl ::autoresolve::ResolveFrom < $dollar base > for $dollar
            crate $(:: $helper_seg)* ::Base_Part0_Telemetry { type Inputs =
            ::autoresolve::ResolutionDepsEnd; fn new(_ :
            ::autoresolve::ResolutionDepsEnd) -> Self {
            unreachable!("root types are pre-inserted into the resolver") } } }; (@
            insert $dollar store : ident, $dollar name : ident) => { { let __spread =
            $dollar name.builtins; $dollar crate $(:: $helper_seg)*
            ::__spread_Builtins!(@ insert $dollar store, __spread); } $dollar store
            .insert($dollar name.telemetry); }; (@ reexport[$dollar ($dollar new_helper :
            tt) *], $dollar new_mangled : ident, $dollar dd : tt) => {
            #[allow(unused_imports)] pub use $crate::app_base_helper::__spread_Builtins;
            #[allow(unused_imports)] pub use
            $crate::app_base_helper::Base_Part0_Telemetry; #[allow(unused_imports)] pub
            use $crate::app_base_helper::__generator;
            $crate::app_base_helper::__generator!([$dollar ($dollar new_helper) *],
            $dollar new_mangled, $dollar dd); }; }
        };
    }
    #[doc(hidden)]
    pub use __autoresolve_gen_app_base_helper as __generator;
    __generator!([crate ::app_base_helper], __autoresolve_app_base_helper, $);
    #[doc(hidden)]
    pub use __autoresolve_app_base_helper as Base;
}
#[doc(hidden)]
pub use app_base_helper::Base;
Base!(@ impls Base);
impl ::autoresolve::BaseType for Base {
    type Parent = ();
    fn insert_into(self, __store: &mut ::autoresolve::Resolver<Base>) {
        let Self { builtins, telemetry } = self;
        Builtins!(@ insert __store, builtins);
        __store.insert(telemetry);
    }
}
const _: fn() = || {
    _ = std::mem::size_of::<app_base_helper::Base_Part0_Telemetry>();
};
