---
source: crates/autoresolve_macros_impl/src/base.rs
expression: pretty_print(result)
---
struct Base {
    scheduler: Scheduler,
    clock: Clock,
}
impl ::autoresolve::ResolveFrom<Base> for Scheduler {
    type Inputs = ::autoresolve::ResolutionDepsEnd;
    fn new(_: ::autoresolve::ResolutionDepsEnd) -> Self {
        unreachable!("base types are pre-inserted into the resolver")
    }
}
impl ::autoresolve::ResolveFrom<Base> for Clock {
    type Inputs = ::autoresolve::ResolutionDepsEnd;
    fn new(_: ::autoresolve::ResolutionDepsEnd) -> Self {
        unreachable!("base types are pre-inserted into the resolver")
    }
}
impl ::autoresolve::BaseType<Base> for Base {
    fn insert_into(self, __store: &mut impl ::autoresolve::ResolverStore<Base>) {
        let Self { scheduler, clock } = self;
        __store.store_value(scheduler);
        __store.store_value(clock);
    }
}
#[doc(hidden)]
#[macro_export]
macro_rules! Base {
    (@ propagate $target:ident) => {
        impl ::autoresolve::ResolveFrom < $target > for Scheduler { type Inputs =
        ::autoresolve::ResolutionDepsEnd; fn new(_ : ::autoresolve::ResolutionDepsEnd) ->
        Self { unreachable!("root types are pre-inserted into the resolver") } } impl
        ::autoresolve::ResolveFrom < $target > for Clock { type Inputs =
        ::autoresolve::ResolutionDepsEnd; fn new(_ : ::autoresolve::ResolutionDepsEnd) ->
        Self { unreachable!("root types are pre-inserted into the resolver") } }
    };
}
