---
source: crates/autoresolve_macros_impl/src/composite.rs
expression: pretty_print(result)
---
mod builtins {
    struct Builtins {
        scheduler: Scheduler,
        clock: Clock,
    }
    impl ::autoresolve::CompositePart<0usize> for Builtins {
        type Part = Scheduler;
    }
    impl ::autoresolve::CompositePart<1usize> for Builtins {
        type Part = Clock;
    }
    #[doc(hidden)]
    pub use Scheduler as __Part0;
    #[doc(hidden)]
    pub use Clock as __Part1;
    pub use Scheduler as Scheduler;
    pub use Clock as Clock;
    #[doc(hidden)]
    #[macro_export]
    macro_rules! Builtins {
        (@ impls $base:ident) => {
            impl ::autoresolve::ResolveFrom < $base > for
            $crate::nested::deep::builtins::__Part0 { type Inputs =
            ::autoresolve::ResolutionDepsEnd; fn new(_ :
            ::autoresolve::ResolutionDepsEnd) -> Self {
            unreachable!("composite parts are pre-inserted into the resolver") } } impl
            ::autoresolve::ResolveFrom < $base > for
            $crate::nested::deep::builtins::__Part1 { type Inputs =
            ::autoresolve::ResolutionDepsEnd; fn new(_ :
            ::autoresolve::ResolutionDepsEnd) -> Self {
            unreachable!("composite parts are pre-inserted into the resolver") } }
        };
        (@ insert $store:ident, $name:ident) => {
            $store .store_value($name .scheduler); $store .store_value($name .clock);
        };
    }
}
const _: fn() = || {
    _ = std::mem::size_of::<crate::nested::deep::builtins::__Part0>();
    _ = std::mem::size_of::<crate::nested::deep::builtins::__Part1>();
};
