---
source: crates/autoresolve_macros_impl/src/composite.rs
expression: pretty_print(result)
---
mod wrapper {
    struct Wrapper {
        inner: Inner,
    }
    impl ::autoresolve::CompositePart<0usize> for Wrapper {
        type Part = Inner;
    }
    #[doc(hidden)]
    pub use Inner as __Part0;
    pub use Inner as Inner;
    #[doc(hidden)]
    #[macro_export]
    macro_rules! Wrapper {
        (@ impls $base:ident) => {
            impl ::autoresolve::ResolveFrom < $base > for $crate::wrapper::__Part0 { type
            Inputs = ::autoresolve::ResolutionDepsEnd; fn new(_ :
            ::autoresolve::ResolutionDepsEnd) -> Self {
            unreachable!("composite parts are pre-inserted into the resolver") } }
        };
        (@ insert $store:ident, $name:ident) => {
            $store .store_value($name .inner);
        };
    }
}
const _: fn() = || {
    _ = std::mem::size_of::<crate::wrapper::__Part0>();
};
