---
source: crates/autoresolve_macros_impl/src/resolvable.rs
assertion_line: 219
expression: pretty_print(result)
---
impl Client {
    fn new(validator: &Validator, builtins: &Builtins, telemetry: &Telemetry) -> Self {
        Self {
            validator: validator.clone(),
            builtins: builtins.clone(),
            telemetry: telemetry.clone(),
        }
    }
    fn number(&self) -> i32 {
        42
    }
}
impl ::autoresolve::DependencyOf<Client> for Validator {}
impl ::autoresolve::DependencyOf<Client> for Builtins {}
impl ::autoresolve::DependencyOf<Client> for Telemetry {}
impl<__AutoresolveBase> ::autoresolve::ResolveFrom<__AutoresolveBase> for Client
where
    __AutoresolveBase: Send + Sync + 'static,
    Validator: ::autoresolve::ResolveFrom<__AutoresolveBase>,
    Builtins: ::autoresolve::ResolveFrom<__AutoresolveBase>,
    Telemetry: ::autoresolve::ResolveFrom<__AutoresolveBase>,
{
    type Inputs = ::autoresolve::ResolutionDepsNode<
        Validator,
        ::autoresolve::ResolutionDepsNode<
            Builtins,
            ::autoresolve::ResolutionDepsNode<
                Telemetry,
                ::autoresolve::ResolutionDepsEnd,
            >,
        >,
    >;
    fn new(
        inputs: <Self::Inputs as ::autoresolve::ResolutionDeps<
            __AutoresolveBase,
        >>::Resolved,
    ) -> Self {
        let ::autoresolve::ResolutionDepsNode(
            dep_0,
            ::autoresolve::ResolutionDepsNode(
                dep_1,
                ::autoresolve::ResolutionDepsNode(
                    dep_2,
                    ::autoresolve::ResolutionDepsEnd,
                ),
            ),
        ) = inputs;
        Client::new(&dep_0, &dep_1, &dep_2)
    }
}
