---
source: crates/ohno_macros_impl/src/derive_error/generate/mod/tests.rs
expression: "rendered(&Builder::named(&[\"path\", \"inner\"],\n1).without_debug().without_constructors().build())"
---
#[automatically_derived]
impl ::core::fmt::Display for MyError {
    fn fmt(&self, f: &mut ::core::fmt::Formatter<'_>) -> ::core::fmt::Result {
        self.inner.format_error(f, "MyError", ::core::option::Option::None)
    }
}
#[automatically_derived]
impl ::std::error::Error for MyError {
    fn source(&self) -> ::core::option::Option<&(dyn ::std::error::Error + 'static)> {
        self.inner.source()
    }
}
#[automatically_derived]
impl ::ohno::Enrichable for MyError {
    fn add_enrichment(&mut self, entry: ::ohno::EnrichmentEntry) {
        ::ohno::Enrichable::add_enrichment(&mut self.inner, entry);
    }
}
#[automatically_derived]
impl ::ohno::ErrorExt for MyError {
    fn message(&self) -> ::std::string::String {
        self.inner.format_message("MyError", ::core::option::Option::None)
    }
    fn backtrace(&self) -> &::std::backtrace::Backtrace {
        self.inner.backtrace()
    }
}
#[automatically_derived]
impl ::core::convert::From<::core::convert::Infallible> for MyError {
    fn from(_value: ::core::convert::Infallible) -> Self {
        ::core::unreachable!("Infallible cannot be constructed")
    }
}
