---
source: crates/thread_aware_macros_impl/src/lib.rs
expression: derive(input)
---
impl<'a, T: 'a + ::thread_aware::ThreadAware> ::thread_aware::ThreadAware
for RefWrapper<'a, T> {
    #[allow(
        clippy::redundant_clone,
        reason = "macro generated pattern moves each field once"
    )]
    fn relocated(
        self,
        source: ::thread_aware::MemoryAffinity,
        destination: ::thread_aware::MemoryAffinity,
    ) -> Self {
        let Self { value } = self;
        Self {
            value: ::thread_aware::ThreadAware::relocated(value, source, destination),
        }
    }
}
