---
source: crates/ohno_macros_impl/src/derive_error/display/mod/tests.rs
expression: "lowered(parse_quote!\n{\n    #[display(\"bad path: path}\")] struct T\n    { path: String, inner: ohno::OhnoCore }\n})"
---
::core::compile_error! {
    "`#[display(...)]` template has a `}` with no matching `{`. Open the placeholder, or write `}}` for a literal brace"
}
