---
source: crates/ohno_macros_impl/src/derive_error/display/mod/tests.rs
expression: "lowered(parse_quote!\n{\n    #[display(\"bad path: {path}\")] struct\n    T(#[doc = \" ohno::generated-core@7f3d9c2a\"] ohno::OhnoCore);\n})"
---
fn message() {
    let _ = "bad path: {}";
}
::core::compile_error! {
    "unknown field `path` in `#[display(...)]`, the error type has no fields that can be referenced"
}
