---
source: crates/ohno_macros/src/derive_error/from_impls.rs
expression: formatted
---
impl From<std::io::Error> for TupleError {
    fn from(error: std::io::Error) -> Self {
        Self(
            ohno::OhnoCoreBuilder::new().error(error).build(),
            String::from("custom"),
            42,
        )
    }
}
