---
source: crates/observed_macros/src/event.rs
expression: output
---
const _: () = {
    impl ::observed::Event for HttpRequest {
        const DESCRIPTION: ::observed::metadata::EventDescription = ::observed::metadata::EventDescription::new(
            "http.request",
            ::core::option::Option::Some(::core::any::TypeId::of::<HttpRequest>()),
            ::core::option::Option::Some(
                ::observed::metadata::LogDescription::new(
                    "http.request",
                    ::observed::Severity::Info,
                    ::core::option::Option::None,
                ),
            ),
            ::core::option::Option::None,
            false,
            false,
        );
        fn visit_fields(
            &self,
            visitor: &mut ::observed::processing::FieldVisitorFn<'_>,
        ) -> ::core::ops::ControlFlow<()> {
            use ::observed::Value;
            use ::observed::metadata::{FieldDescriptor, LogFieldEntry, MetricFieldEntry};
            {
                const FIELD_DESC: FieldDescriptor = FieldDescriptor::new(
                    "method",
                    ::core::option::Option::Some(LogFieldEntry::new("method")),
                    ::core::option::Option::None,
                );
                visitor(
                    &FIELD_DESC,
                    &|engine| Value::from_redacted(&self.method, engine),
                )?;
            }
            {
                const FIELD_DESC: FieldDescriptor = FieldDescriptor::new(
                    "status",
                    ::core::option::Option::Some(LogFieldEntry::new("status")),
                    ::core::option::Option::None,
                );
                visitor(&FIELD_DESC, &|_| Value::from(self.status.clone()))?;
            }
            ::core::ops::ControlFlow::Continue(())
        }
    }
};
