---
source: crates/ohno_macros/src/derive_error/display/mod.rs
expression: "lowered(parse_quote!\n{\n    #[display(\"bad path: {pth}\")] struct T\n    {\n        path: String, code: u32, #[doc = \" ohno::generated-core@7f3d9c2a\"]\n        ohno_core: ohno::OhnoCore,\n    }\n})"
---
fn message() {
    let _ = "bad path: {}";
}
::core::compile_error! {
    "unknown field `pth` in `#[display(...)]`, available fields: `path`, `code`"
}
