---
source: crates/ohno_macros/src/derive_error/display/mod.rs
expression: "lowered(parse_quote!\n{\n    #[display(\"bad path: {}\", self.path.display())] struct T\n    { path: String, inner: ohno::OhnoCore }\n})"
---
fn message() {
    let _ = ::std::format!("bad path: {}", & (self.self.path.display()));
}
::core::compile_error! {
    "`#[display(...)]` positional arguments are implicitly scoped to `self`, so a field is referenced by its bare name, without a `self.` prefix"
}
