---
source: crates/ohno_macros_impl/tests/public_api.rs
expression: output
---
// ======== bare name ========

#[derive(Error)]
#[display("value {}", path)]
struct T {
    path: String,
    other: u32,
    inner: ohno::OhnoCore,
}
// ---- expands to ----

#[automatically_derived]
impl ::core::fmt::Display for T {
    fn fmt(&self, f: &mut ::core::fmt::Formatter<'_>) -> ::core::fmt::Result {
        self.inner
            .format_error(
                f,
                "T",
                ::core::option::Option::Some(
                    ::std::borrow::Cow::from(::std::format!("value {}", & (self.path))),
                ),
            )
    }
}
#[automatically_derived]
impl ::std::error::Error for T {
    fn source(&self) -> ::core::option::Option<&(dyn ::std::error::Error + 'static)> {
        self.inner.source()
    }
}
#[automatically_derived]
impl ::ohno::Enrichable for T {
    fn add_enrichment(&mut self, entry: ::ohno::EnrichmentEntry) {
        ::ohno::Enrichable::add_enrichment(&mut self.inner, entry);
    }
}
#[automatically_derived]
impl ::ohno::ErrorExt for T {
    fn message(&self) -> ::std::string::String {
        self.inner
            .format_message(
                "T",
                ::core::option::Option::Some(
                    ::std::borrow::Cow::from(::std::format!("value {}", & (self.path))),
                ),
            )
    }
    fn backtrace(&self) -> &::std::backtrace::Backtrace {
        self.inner.backtrace()
    }
}
impl ::core::fmt::Debug for T {
    fn fmt(&self, f: &mut ::core::fmt::Formatter<'_>) -> ::core::fmt::Result {
        f.debug_struct("T")
            .field("path", &self.path)
            .field("other", &self.other)
            .field("inner", &self.inner)
            .finish()
    }
}
impl T {
    /// Creates the error with no source.
    #[allow(
        dead_code,
        reason = "generated for every error type, used at the author's discretion"
    )]
    pub(crate) fn new(
        path: impl ::core::convert::Into<String>,
        other: impl ::core::convert::Into<u32>,
    ) -> Self {
        Self {
            path: path.into(),
            other: other.into(),
            inner: ::ohno::OhnoCore::default(),
        }
    }
    /// Creates the error wrapping `error` as its source.
    #[allow(
        dead_code,
        reason = "generated for every error type, used at the author's discretion"
    )]
    pub(crate) fn caused_by(
        path: impl ::core::convert::Into<String>,
        other: impl ::core::convert::Into<u32>,
        error: impl ::core::convert::Into<
            ::std::boxed::Box<
                dyn ::std::error::Error + ::core::marker::Send + ::core::marker::Sync,
            >,
        >,
    ) -> Self {
        Self {
            path: path.into(),
            other: other.into(),
            inner: ::ohno::OhnoCore::from(error),
        }
    }
}
#[automatically_derived]
impl ::core::convert::From<::core::convert::Infallible> for T {
    fn from(_value: ::core::convert::Infallible) -> Self {
        ::core::unreachable!("Infallible cannot be constructed")
    }
}

// ======== field access ========

#[derive(Error)]
#[display("value {}", path.inner)]
struct T {
    path: String,
    other: u32,
    inner: ohno::OhnoCore,
}
// ---- expands to ----

#[automatically_derived]
impl ::core::fmt::Display for T {
    fn fmt(&self, f: &mut ::core::fmt::Formatter<'_>) -> ::core::fmt::Result {
        self.inner
            .format_error(
                f,
                "T",
                ::core::option::Option::Some(
                    ::std::borrow::Cow::from(
                        ::std::format!("value {}", & (self.path.inner)),
                    ),
                ),
            )
    }
}
#[automatically_derived]
impl ::std::error::Error for T {
    fn source(&self) -> ::core::option::Option<&(dyn ::std::error::Error + 'static)> {
        self.inner.source()
    }
}
#[automatically_derived]
impl ::ohno::Enrichable for T {
    fn add_enrichment(&mut self, entry: ::ohno::EnrichmentEntry) {
        ::ohno::Enrichable::add_enrichment(&mut self.inner, entry);
    }
}
#[automatically_derived]
impl ::ohno::ErrorExt for T {
    fn message(&self) -> ::std::string::String {
        self.inner
            .format_message(
                "T",
                ::core::option::Option::Some(
                    ::std::borrow::Cow::from(
                        ::std::format!("value {}", & (self.path.inner)),
                    ),
                ),
            )
    }
    fn backtrace(&self) -> &::std::backtrace::Backtrace {
        self.inner.backtrace()
    }
}
impl ::core::fmt::Debug for T {
    fn fmt(&self, f: &mut ::core::fmt::Formatter<'_>) -> ::core::fmt::Result {
        f.debug_struct("T")
            .field("path", &self.path)
            .field("other", &self.other)
            .field("inner", &self.inner)
            .finish()
    }
}
impl T {
    /// Creates the error with no source.
    #[allow(
        dead_code,
        reason = "generated for every error type, used at the author's discretion"
    )]
    pub(crate) fn new(
        path: impl ::core::convert::Into<String>,
        other: impl ::core::convert::Into<u32>,
    ) -> Self {
        Self {
            path: path.into(),
            other: other.into(),
            inner: ::ohno::OhnoCore::default(),
        }
    }
    /// Creates the error wrapping `error` as its source.
    #[allow(
        dead_code,
        reason = "generated for every error type, used at the author's discretion"
    )]
    pub(crate) fn caused_by(
        path: impl ::core::convert::Into<String>,
        other: impl ::core::convert::Into<u32>,
        error: impl ::core::convert::Into<
            ::std::boxed::Box<
                dyn ::std::error::Error + ::core::marker::Send + ::core::marker::Sync,
            >,
        >,
    ) -> Self {
        Self {
            path: path.into(),
            other: other.into(),
            inner: ::ohno::OhnoCore::from(error),
        }
    }
}
#[automatically_derived]
impl ::core::convert::From<::core::convert::Infallible> for T {
    fn from(_value: ::core::convert::Infallible) -> Self {
        ::core::unreachable!("Infallible cannot be constructed")
    }
}

// ======== method call ========

#[derive(Error)]
#[display("value {}", path.len())]
struct T {
    path: String,
    other: u32,
    inner: ohno::OhnoCore,
}
// ---- expands to ----

#[automatically_derived]
impl ::core::fmt::Display for T {
    fn fmt(&self, f: &mut ::core::fmt::Formatter<'_>) -> ::core::fmt::Result {
        self.inner
            .format_error(
                f,
                "T",
                ::core::option::Option::Some(
                    ::std::borrow::Cow::from(
                        ::std::format!("value {}", & (self.path.len())),
                    ),
                ),
            )
    }
}
#[automatically_derived]
impl ::std::error::Error for T {
    fn source(&self) -> ::core::option::Option<&(dyn ::std::error::Error + 'static)> {
        self.inner.source()
    }
}
#[automatically_derived]
impl ::ohno::Enrichable for T {
    fn add_enrichment(&mut self, entry: ::ohno::EnrichmentEntry) {
        ::ohno::Enrichable::add_enrichment(&mut self.inner, entry);
    }
}
#[automatically_derived]
impl ::ohno::ErrorExt for T {
    fn message(&self) -> ::std::string::String {
        self.inner
            .format_message(
                "T",
                ::core::option::Option::Some(
                    ::std::borrow::Cow::from(
                        ::std::format!("value {}", & (self.path.len())),
                    ),
                ),
            )
    }
    fn backtrace(&self) -> &::std::backtrace::Backtrace {
        self.inner.backtrace()
    }
}
impl ::core::fmt::Debug for T {
    fn fmt(&self, f: &mut ::core::fmt::Formatter<'_>) -> ::core::fmt::Result {
        f.debug_struct("T")
            .field("path", &self.path)
            .field("other", &self.other)
            .field("inner", &self.inner)
            .finish()
    }
}
impl T {
    /// Creates the error with no source.
    #[allow(
        dead_code,
        reason = "generated for every error type, used at the author's discretion"
    )]
    pub(crate) fn new(
        path: impl ::core::convert::Into<String>,
        other: impl ::core::convert::Into<u32>,
    ) -> Self {
        Self {
            path: path.into(),
            other: other.into(),
            inner: ::ohno::OhnoCore::default(),
        }
    }
    /// Creates the error wrapping `error` as its source.
    #[allow(
        dead_code,
        reason = "generated for every error type, used at the author's discretion"
    )]
    pub(crate) fn caused_by(
        path: impl ::core::convert::Into<String>,
        other: impl ::core::convert::Into<u32>,
        error: impl ::core::convert::Into<
            ::std::boxed::Box<
                dyn ::std::error::Error + ::core::marker::Send + ::core::marker::Sync,
            >,
        >,
    ) -> Self {
        Self {
            path: path.into(),
            other: other.into(),
            inner: ::ohno::OhnoCore::from(error),
        }
    }
}
#[automatically_derived]
impl ::core::convert::From<::core::convert::Infallible> for T {
    fn from(_value: ::core::convert::Infallible) -> Self {
        ::core::unreachable!("Infallible cannot be constructed")
    }
}

// ======== index ========

#[derive(Error)]
#[display("value {}", path[0])]
struct T {
    path: String,
    other: u32,
    inner: ohno::OhnoCore,
}
// ---- expands to ----

#[automatically_derived]
impl ::core::fmt::Display for T {
    fn fmt(&self, f: &mut ::core::fmt::Formatter<'_>) -> ::core::fmt::Result {
        self.inner
            .format_error(
                f,
                "T",
                ::core::option::Option::Some(
                    ::std::borrow::Cow::from(
                        ::std::format!("value {}", & (self.path[0])),
                    ),
                ),
            )
    }
}
#[automatically_derived]
impl ::std::error::Error for T {
    fn source(&self) -> ::core::option::Option<&(dyn ::std::error::Error + 'static)> {
        self.inner.source()
    }
}
#[automatically_derived]
impl ::ohno::Enrichable for T {
    fn add_enrichment(&mut self, entry: ::ohno::EnrichmentEntry) {
        ::ohno::Enrichable::add_enrichment(&mut self.inner, entry);
    }
}
#[automatically_derived]
impl ::ohno::ErrorExt for T {
    fn message(&self) -> ::std::string::String {
        self.inner
            .format_message(
                "T",
                ::core::option::Option::Some(
                    ::std::borrow::Cow::from(
                        ::std::format!("value {}", & (self.path[0])),
                    ),
                ),
            )
    }
    fn backtrace(&self) -> &::std::backtrace::Backtrace {
        self.inner.backtrace()
    }
}
impl ::core::fmt::Debug for T {
    fn fmt(&self, f: &mut ::core::fmt::Formatter<'_>) -> ::core::fmt::Result {
        f.debug_struct("T")
            .field("path", &self.path)
            .field("other", &self.other)
            .field("inner", &self.inner)
            .finish()
    }
}
impl T {
    /// Creates the error with no source.
    #[allow(
        dead_code,
        reason = "generated for every error type, used at the author's discretion"
    )]
    pub(crate) fn new(
        path: impl ::core::convert::Into<String>,
        other: impl ::core::convert::Into<u32>,
    ) -> Self {
        Self {
            path: path.into(),
            other: other.into(),
            inner: ::ohno::OhnoCore::default(),
        }
    }
    /// Creates the error wrapping `error` as its source.
    #[allow(
        dead_code,
        reason = "generated for every error type, used at the author's discretion"
    )]
    pub(crate) fn caused_by(
        path: impl ::core::convert::Into<String>,
        other: impl ::core::convert::Into<u32>,
        error: impl ::core::convert::Into<
            ::std::boxed::Box<
                dyn ::std::error::Error + ::core::marker::Send + ::core::marker::Sync,
            >,
        >,
    ) -> Self {
        Self {
            path: path.into(),
            other: other.into(),
            inner: ::ohno::OhnoCore::from(error),
        }
    }
}
#[automatically_derived]
impl ::core::convert::From<::core::convert::Infallible> for T {
    fn from(_value: ::core::convert::Infallible) -> Self {
        ::core::unreachable!("Infallible cannot be constructed")
    }
}

// ======== cast ========

#[derive(Error)]
#[display("value {}", path as u64)]
struct T {
    path: String,
    other: u32,
    inner: ohno::OhnoCore,
}
// ---- expands to ----

#[automatically_derived]
impl ::core::fmt::Display for T {
    fn fmt(&self, f: &mut ::core::fmt::Formatter<'_>) -> ::core::fmt::Result {
        self.inner
            .format_error(
                f,
                "T",
                ::core::option::Option::Some(
                    ::std::borrow::Cow::from(
                        ::std::format!("value {}", & (self.path as u64)),
                    ),
                ),
            )
    }
}
#[automatically_derived]
impl ::std::error::Error for T {
    fn source(&self) -> ::core::option::Option<&(dyn ::std::error::Error + 'static)> {
        self.inner.source()
    }
}
#[automatically_derived]
impl ::ohno::Enrichable for T {
    fn add_enrichment(&mut self, entry: ::ohno::EnrichmentEntry) {
        ::ohno::Enrichable::add_enrichment(&mut self.inner, entry);
    }
}
#[automatically_derived]
impl ::ohno::ErrorExt for T {
    fn message(&self) -> ::std::string::String {
        self.inner
            .format_message(
                "T",
                ::core::option::Option::Some(
                    ::std::borrow::Cow::from(
                        ::std::format!("value {}", & (self.path as u64)),
                    ),
                ),
            )
    }
    fn backtrace(&self) -> &::std::backtrace::Backtrace {
        self.inner.backtrace()
    }
}
impl ::core::fmt::Debug for T {
    fn fmt(&self, f: &mut ::core::fmt::Formatter<'_>) -> ::core::fmt::Result {
        f.debug_struct("T")
            .field("path", &self.path)
            .field("other", &self.other)
            .field("inner", &self.inner)
            .finish()
    }
}
impl T {
    /// Creates the error with no source.
    #[allow(
        dead_code,
        reason = "generated for every error type, used at the author's discretion"
    )]
    pub(crate) fn new(
        path: impl ::core::convert::Into<String>,
        other: impl ::core::convert::Into<u32>,
    ) -> Self {
        Self {
            path: path.into(),
            other: other.into(),
            inner: ::ohno::OhnoCore::default(),
        }
    }
    /// Creates the error wrapping `error` as its source.
    #[allow(
        dead_code,
        reason = "generated for every error type, used at the author's discretion"
    )]
    pub(crate) fn caused_by(
        path: impl ::core::convert::Into<String>,
        other: impl ::core::convert::Into<u32>,
        error: impl ::core::convert::Into<
            ::std::boxed::Box<
                dyn ::std::error::Error + ::core::marker::Send + ::core::marker::Sync,
            >,
        >,
    ) -> Self {
        Self {
            path: path.into(),
            other: other.into(),
            inner: ::ohno::OhnoCore::from(error),
        }
    }
}
#[automatically_derived]
impl ::core::convert::From<::core::convert::Infallible> for T {
    fn from(_value: ::core::convert::Infallible) -> Self {
        ::core::unreachable!("Infallible cannot be constructed")
    }
}

// ======== binary operator ========

#[derive(Error)]
#[display("value {}", path*2)]
struct T {
    path: String,
    other: u32,
    inner: ohno::OhnoCore,
}
// ---- expands to ----

#[automatically_derived]
impl ::core::fmt::Display for T {
    fn fmt(&self, f: &mut ::core::fmt::Formatter<'_>) -> ::core::fmt::Result {
        self.inner
            .format_error(
                f,
                "T",
                ::core::option::Option::Some(
                    ::std::borrow::Cow::from(
                        ::std::format!("value {}", & (self.path * 2)),
                    ),
                ),
            )
    }
}
#[automatically_derived]
impl ::std::error::Error for T {
    fn source(&self) -> ::core::option::Option<&(dyn ::std::error::Error + 'static)> {
        self.inner.source()
    }
}
#[automatically_derived]
impl ::ohno::Enrichable for T {
    fn add_enrichment(&mut self, entry: ::ohno::EnrichmentEntry) {
        ::ohno::Enrichable::add_enrichment(&mut self.inner, entry);
    }
}
#[automatically_derived]
impl ::ohno::ErrorExt for T {
    fn message(&self) -> ::std::string::String {
        self.inner
            .format_message(
                "T",
                ::core::option::Option::Some(
                    ::std::borrow::Cow::from(
                        ::std::format!("value {}", & (self.path * 2)),
                    ),
                ),
            )
    }
    fn backtrace(&self) -> &::std::backtrace::Backtrace {
        self.inner.backtrace()
    }
}
impl ::core::fmt::Debug for T {
    fn fmt(&self, f: &mut ::core::fmt::Formatter<'_>) -> ::core::fmt::Result {
        f.debug_struct("T")
            .field("path", &self.path)
            .field("other", &self.other)
            .field("inner", &self.inner)
            .finish()
    }
}
impl T {
    /// Creates the error with no source.
    #[allow(
        dead_code,
        reason = "generated for every error type, used at the author's discretion"
    )]
    pub(crate) fn new(
        path: impl ::core::convert::Into<String>,
        other: impl ::core::convert::Into<u32>,
    ) -> Self {
        Self {
            path: path.into(),
            other: other.into(),
            inner: ::ohno::OhnoCore::default(),
        }
    }
    /// Creates the error wrapping `error` as its source.
    #[allow(
        dead_code,
        reason = "generated for every error type, used at the author's discretion"
    )]
    pub(crate) fn caused_by(
        path: impl ::core::convert::Into<String>,
        other: impl ::core::convert::Into<u32>,
        error: impl ::core::convert::Into<
            ::std::boxed::Box<
                dyn ::std::error::Error + ::core::marker::Send + ::core::marker::Sync,
            >,
        >,
    ) -> Self {
        Self {
            path: path.into(),
            other: other.into(),
            inner: ::ohno::OhnoCore::from(error),
        }
    }
}
#[automatically_derived]
impl ::core::convert::From<::core::convert::Infallible> for T {
    fn from(_value: ::core::convert::Infallible) -> Self {
        ::core::unreachable!("Infallible cannot be constructed")
    }
}

// ======== try ========

#[derive(Error)]
#[display("value {}", path?)]
struct T {
    path: String,
    other: u32,
    inner: ohno::OhnoCore,
}
// ---- expands to ----

#[automatically_derived]
impl ::core::fmt::Display for T {
    fn fmt(&self, f: &mut ::core::fmt::Formatter<'_>) -> ::core::fmt::Result {
        self.inner
            .format_error(
                f,
                "T",
                ::core::option::Option::Some(
                    ::std::borrow::Cow::from(::std::format!("value {}", & (self.path ?))),
                ),
            )
    }
}
#[automatically_derived]
impl ::std::error::Error for T {
    fn source(&self) -> ::core::option::Option<&(dyn ::std::error::Error + 'static)> {
        self.inner.source()
    }
}
#[automatically_derived]
impl ::ohno::Enrichable for T {
    fn add_enrichment(&mut self, entry: ::ohno::EnrichmentEntry) {
        ::ohno::Enrichable::add_enrichment(&mut self.inner, entry);
    }
}
#[automatically_derived]
impl ::ohno::ErrorExt for T {
    fn message(&self) -> ::std::string::String {
        self.inner
            .format_message(
                "T",
                ::core::option::Option::Some(
                    ::std::borrow::Cow::from(::std::format!("value {}", & (self.path ?))),
                ),
            )
    }
    fn backtrace(&self) -> &::std::backtrace::Backtrace {
        self.inner.backtrace()
    }
}
impl ::core::fmt::Debug for T {
    fn fmt(&self, f: &mut ::core::fmt::Formatter<'_>) -> ::core::fmt::Result {
        f.debug_struct("T")
            .field("path", &self.path)
            .field("other", &self.other)
            .field("inner", &self.inner)
            .finish()
    }
}
impl T {
    /// Creates the error with no source.
    #[allow(
        dead_code,
        reason = "generated for every error type, used at the author's discretion"
    )]
    pub(crate) fn new(
        path: impl ::core::convert::Into<String>,
        other: impl ::core::convert::Into<u32>,
    ) -> Self {
        Self {
            path: path.into(),
            other: other.into(),
            inner: ::ohno::OhnoCore::default(),
        }
    }
    /// Creates the error wrapping `error` as its source.
    #[allow(
        dead_code,
        reason = "generated for every error type, used at the author's discretion"
    )]
    pub(crate) fn caused_by(
        path: impl ::core::convert::Into<String>,
        other: impl ::core::convert::Into<u32>,
        error: impl ::core::convert::Into<
            ::std::boxed::Box<
                dyn ::std::error::Error + ::core::marker::Send + ::core::marker::Sync,
            >,
        >,
    ) -> Self {
        Self {
            path: path.into(),
            other: other.into(),
            inner: ::ohno::OhnoCore::from(error),
        }
    }
}
#[automatically_derived]
impl ::core::convert::From<::core::convert::Infallible> for T {
    fn from(_value: ::core::convert::Infallible) -> Self {
        ::core::unreachable!("Infallible cannot be constructed")
    }
}

// ======== range ========

#[derive(Error)]
#[display("value {}", path..10)]
struct T {
    path: String,
    other: u32,
    inner: ohno::OhnoCore,
}
// ---- expands to ----

#[automatically_derived]
impl ::core::fmt::Display for T {
    fn fmt(&self, f: &mut ::core::fmt::Formatter<'_>) -> ::core::fmt::Result {
        self.inner
            .format_error(
                f,
                "T",
                ::core::option::Option::Some(
                    ::std::borrow::Cow::from(
                        ::std::format!("value {}", & (self.path..10)),
                    ),
                ),
            )
    }
}
#[automatically_derived]
impl ::std::error::Error for T {
    fn source(&self) -> ::core::option::Option<&(dyn ::std::error::Error + 'static)> {
        self.inner.source()
    }
}
#[automatically_derived]
impl ::ohno::Enrichable for T {
    fn add_enrichment(&mut self, entry: ::ohno::EnrichmentEntry) {
        ::ohno::Enrichable::add_enrichment(&mut self.inner, entry);
    }
}
#[automatically_derived]
impl ::ohno::ErrorExt for T {
    fn message(&self) -> ::std::string::String {
        self.inner
            .format_message(
                "T",
                ::core::option::Option::Some(
                    ::std::borrow::Cow::from(
                        ::std::format!("value {}", & (self.path..10)),
                    ),
                ),
            )
    }
    fn backtrace(&self) -> &::std::backtrace::Backtrace {
        self.inner.backtrace()
    }
}
impl ::core::fmt::Debug for T {
    fn fmt(&self, f: &mut ::core::fmt::Formatter<'_>) -> ::core::fmt::Result {
        f.debug_struct("T")
            .field("path", &self.path)
            .field("other", &self.other)
            .field("inner", &self.inner)
            .finish()
    }
}
impl T {
    /// Creates the error with no source.
    #[allow(
        dead_code,
        reason = "generated for every error type, used at the author's discretion"
    )]
    pub(crate) fn new(
        path: impl ::core::convert::Into<String>,
        other: impl ::core::convert::Into<u32>,
    ) -> Self {
        Self {
            path: path.into(),
            other: other.into(),
            inner: ::ohno::OhnoCore::default(),
        }
    }
    /// Creates the error wrapping `error` as its source.
    #[allow(
        dead_code,
        reason = "generated for every error type, used at the author's discretion"
    )]
    pub(crate) fn caused_by(
        path: impl ::core::convert::Into<String>,
        other: impl ::core::convert::Into<u32>,
        error: impl ::core::convert::Into<
            ::std::boxed::Box<
                dyn ::std::error::Error + ::core::marker::Send + ::core::marker::Sync,
            >,
        >,
    ) -> Self {
        Self {
            path: path.into(),
            other: other.into(),
            inner: ::ohno::OhnoCore::from(error),
        }
    }
}
#[automatically_derived]
impl ::core::convert::From<::core::convert::Infallible> for T {
    fn from(_value: ::core::convert::Infallible) -> Self {
        ::core::unreachable!("Infallible cannot be constructed")
    }
}
