---
source: crates/ohno_macros_impl/tests/public_api.rs
expression: output
---
// ======== a bare attribute names the function ========

#[enrich_err]
fn load() -> Result<(), MyError> {
    inner()
}
// ---- expands to ----

fn load() -> Result<(), MyError> {
    let __ohno_result = (|| { inner() })();
    __ohno_result
        .map_err(|mut __ohno_error| {
            ::ohno::Enrichable::add_enrichment(
                &mut __ohno_error,
                ::ohno::EnrichmentEntry::new(
                    "error in function load",
                    ::core::file!(),
                    ::core::line!(),
                ),
            );
            __ohno_error
        })
}

// ======== a literal message renders without format ========

#[enrich_err("could not load")]
fn load() -> Result<(), MyError> {
    inner()
}
// ---- expands to ----

fn load() -> Result<(), MyError> {
    let __ohno_result = (|| { inner() })();
    __ohno_result
        .map_err(|mut __ohno_error| {
            ::ohno::Enrichable::add_enrichment(
                &mut __ohno_error,
                ::ohno::EnrichmentEntry::new(
                    "could not load",
                    ::core::file!(),
                    ::core::line!(),
                ),
            );
            __ohno_error
        })
}

// ======== an inline capture goes through format ========

#[enrich_err("could not load {path}")]
fn load(path: &str) -> Result<(), MyError> {
    inner()
}
// ---- expands to ----

fn load(path: &str) -> Result<(), MyError> {
    let __ohno_result = (|| { inner() })();
    __ohno_result
        .map_err(|mut __ohno_error| {
            ::ohno::Enrichable::add_enrichment(
                &mut __ohno_error,
                ::ohno::EnrichmentEntry::new(
                    ::std::format!("could not load {path}"),
                    ::core::file!(),
                    ::core::line!(),
                ),
            );
            __ohno_error
        })
}

// ======== arguments are passed through unchanged ========

#[enrich_err("could not load {}", path)]
fn load(path: &str) -> Result<(), MyError> {
    inner()
}
// ---- expands to ----

fn load(path: &str) -> Result<(), MyError> {
    let __ohno_result = (|| { inner() })();
    __ohno_result
        .map_err(|mut __ohno_error| {
            ::ohno::Enrichable::add_enrichment(
                &mut __ohno_error,
                ::ohno::EnrichmentEntry::new(
                    ::std::format!("could not load {}", path),
                    ::core::file!(),
                    ::core::line!(),
                ),
            );
            __ohno_error
        })
}

// ======== arguments force a format call even with no placeholder ========

#[enrich_err("plain message", path)]
fn load(path: &str) -> Result<(), MyError> {
    inner()
}
// ---- expands to ----

fn load(path: &str) -> Result<(), MyError> {
    let __ohno_result = (|| { inner() })();
    __ohno_result
        .map_err(|mut __ohno_error| {
            ::ohno::Enrichable::add_enrichment(
                &mut __ohno_error,
                ::ohno::EnrichmentEntry::new(
                    ::std::format!("plain message", path),
                    ::core::file!(),
                    ::core::line!(),
                ),
            );
            __ohno_error
        })
}

// ======== a self-prefixed argument is left alone ========

#[enrich_err("could not load {}", self.path)]
fn load(&self) -> Result<(), MyError> {
    inner()
}
// ---- expands to ----

fn load(&self) -> Result<(), MyError> {
    let __ohno_result = (|| { inner() })();
    __ohno_result
        .map_err(|mut __ohno_error| {
            ::ohno::Enrichable::add_enrichment(
                &mut __ohno_error,
                ::ohno::EnrichmentEntry::new(
                    ::std::format!("could not load {}", self.path),
                    ::core::file!(),
                    ::core::line!(),
                ),
            );
            __ohno_error
        })
}

// ======== the signature survives untouched ========

#[enrich_err]
/// Documented.
pub(crate) unsafe extern "C" fn load<A: Clone>(
    &mut self,
    path: &str,
    count: usize,
) -> Result<A, MyError>
where
    A: Send,
{
    inner()
}
// ---- expands to ----

/// Documented.
pub(crate) unsafe extern "C" fn load<A: Clone>(
    &mut self,
    path: &str,
    count: usize,
) -> Result<A, MyError>
where
    A: Send,
{
    let __ohno_result = (|| { inner() })();
    __ohno_result
        .map_err(|mut __ohno_error| {
            ::ohno::Enrichable::add_enrichment(
                &mut __ohno_error,
                ::ohno::EnrichmentEntry::new(
                    "error in function load",
                    ::core::file!(),
                    ::core::line!(),
                ),
            );
            __ohno_error
        })
}

// ======== an async function awaits an async block ========

#[enrich_err]
async fn load() -> Result<(), MyError> {
    inner().await
}
// ---- expands to ----

async fn load() -> Result<(), MyError> {
    let __ohno_result = async { inner().await }.await;
    __ohno_result
        .map_err(|mut __ohno_error| {
            ::ohno::Enrichable::add_enrichment(
                &mut __ohno_error,
                ::ohno::EnrichmentEntry::new(
                    "error in function load",
                    ::core::file!(),
                    ::core::line!(),
                ),
            );
            __ohno_error
        })
}
