---
source: crates/sync_thunk_macros_impl/tests/thunk_basic.rs
assertion_line: 59
expression: expand_thunk!(item)
---
impl Dummy {
    #[inline]
    #[doc(hidden)]
    #[allow(
        clippy::needless_pass_by_ref_mut,
        clippy::needless_pass_by_value,
        clippy::use_self,
        clippy::unused_self,
        unused_variables,
    )]
    fn __create_inner(thunker: &Thunker, name: String) -> Self {
        Self { name }
    }
    #[doc(hidden)]
    #[allow(clippy::use_self)]
    fn __create_shim(ptr: *mut ()) {
        #[allow(non_camel_case_types, dead_code)]
        struct __create_RawTask {
            thunker: *const Thunker,
            name: String,
        }
        let state = unsafe {
            &*ptr.cast::<::sync_thunk::StackState<Self, __create_RawTask>>()
        };
        let task = unsafe { state.take_task() }
            .expect("thunk task was set before dispatch");
        let thunker = unsafe { &*task.thunker };
        let name = task.name;
        let panic_result = ::std::panic::catch_unwind(
            ::std::panic::AssertUnwindSafe(|| { Self::__create_inner(thunker, name) }),
        );
        match panic_result {
            Ok(result) => {
                unsafe { state.complete(result) };
            }
            Err(_) => {
                state.mark_panicked();
            }
        }
        state.wake();
    }
    async fn create(thunker: &Thunker, name: String) -> Self {
        #[allow(non_camel_case_types, dead_code)]
        struct __create_RawTask {
            thunker: *const Thunker,
            name: String,
        }
        unsafe impl Send for __create_RawTask {}
        let state = ::sync_thunk::StackState::<Self, __create_RawTask>::new();
        let raw_task = __create_RawTask {
            thunker: thunker as *const Thunker,
            name,
        };
        unsafe {
            state.set_task(raw_task);
        }
        let work_item = ::sync_thunk::WorkItem::new(
            state.as_mut_ptr().cast::<()>(),
            Self::__create_shim,
        );
        thunker.send(work_item);
        ::sync_thunk::ThunkFuture::new(&state).await
    }
}
