---
source: crates/observed_macros_impl/tests/expansion.rs
expression: "expand_event(r#\"\"heartbeat\"\"#,\nr#\"\n            #[counter(name = \"heartbeat.total\", desc = \"heartbeats\", unit = \"1\")]\n            struct Heartbeat {\n                #[unredacted]\n                shard: i64,\n            }\n            \"#,)"
---
struct Heartbeat {
    shard: i64,
}
const _: () = {
    impl ::observed::Event for Heartbeat {
        const DESCRIPTION: ::observed::metadata::EventDescription = ::observed::metadata::EventDescription::new(
            "heartbeat",
            ::core::option::Option::Some(::core::any::TypeId::of::<Heartbeat>()),
            ::core::option::Option::None,
            ::core::option::Option::Some(
                ::observed::metadata::MetricDescription::new(
                    "heartbeat.total",
                    ::observed::metadata::InstrumentKind::Counter,
                    "heartbeats",
                    "1",
                ),
            ),
            false,
            false,
        );
        fn visit_fields(
            &self,
            visitor: &mut ::observed::processing::FieldVisitorFn<'_>,
        ) -> ::core::ops::ControlFlow<()> {
            ::core::ops::ControlFlow::Continue(())
        }
    }
};
