---
source: crates/fakeable_impl/src/../tests/output_verification.rs
expression: "testing_aids :: render_expansion(&result)"
---
impl __fakeable__MyService::MyService {
    pub fn sync_method(&self) -> String {
        "sync result".to_string()
    }
    pub async fn async_method(
        &self,
        value: i32,
    ) -> Result<String, Box<dyn std::error::Error>> {
        Ok(format!("async result: {}", value))
    }
    pub async fn async_method_unit(&self) {
        println!("async method unit");
    }
}
impl MyService {
    #[allow(unused_mut)]
    #[allow(clippy::used_underscore_binding)]
    pub fn sync_method(&self) -> String {
        match &self.inner {
            __fakeable__MyService::Enum::Real(__fakeable_real) => {
                __fakeable_real.sync_method()
            }
            #[cfg(any(feature = "test-util", test))]
            __fakeable__MyService::Enum::Fake(__fakeable_fake) => {
                __fakeable_fake.sync_method()
            }
        }
    }
    #[allow(
        clippy::future_not_send,
        reason = "fake delegation preserves the future sendability of both real and fake implementations"
    )]
    #[allow(unused_mut)]
    #[allow(clippy::used_underscore_binding)]
    pub async fn async_method(
        &self,
        value: i32,
    ) -> Result<String, Box<dyn std::error::Error>> {
        match &self.inner {
            __fakeable__MyService::Enum::Real(__fakeable_real) => {
                __fakeable_real.async_method(value).await
            }
            #[cfg(any(feature = "test-util", test))]
            __fakeable__MyService::Enum::Fake(__fakeable_fake) => {
                __fakeable_fake.async_method(value).await
            }
        }
    }
    #[allow(
        clippy::future_not_send,
        reason = "fake delegation preserves the future sendability of both real and fake implementations"
    )]
    #[allow(unused_mut)]
    #[allow(clippy::used_underscore_binding)]
    pub async fn async_method_unit(&self) {
        match &self.inner {
            __fakeable__MyService::Enum::Real(__fakeable_real) => {
                __fakeable_real.async_method_unit().await
            }
            #[cfg(any(feature = "test-util", test))]
            __fakeable__MyService::Enum::Fake(__fakeable_fake) => {
                __fakeable_fake.async_method_unit().await
            }
        }
    }
}
