---
source: crates/fakeable_impl/src/../tests/output_verification.rs
expression: "prettyplease::unparse(&result_file)"
---
impl Service for __fakeable__MyService::MyService {
    type Output = Something;
    const NAME: &'static str = "my-service";
    fn create(something: Something) -> Self {
        Self { something }
    }
    fn output(&self) -> &Self::Output {
        &self.something
    }
    fn duplicate(&self) -> Self {
        Self {
            something: self.something.clone(),
        }
    }
}
impl Service for MyService {
    type Output = Something;
    const NAME: &'static str = "my-service";
    #[allow(unused_mut)]
    #[allow(clippy::used_underscore_binding)]
    fn create(something: Something) -> Self {
        Self {
            inner: __fakeable__MyService::Enum::Real(
                <__fakeable__MyService::MyService as Service>::create(something),
            ),
        }
    }
    #[allow(unused_mut)]
    #[allow(clippy::used_underscore_binding)]
    fn output(&self) -> &Self::Output {
        match &self.inner {
            __fakeable__MyService::Enum::Real(real) => {
                <__fakeable__MyService::MyService as Service>::output(real)
            }
            #[cfg(any(feature = "test-util", test))]
            __fakeable__MyService::Enum::Fake(fake) => fake.output(),
        }
    }
    #[allow(unused_mut)]
    #[allow(clippy::used_underscore_binding)]
    fn duplicate(&self) -> Self {
        match &self.inner {
            __fakeable__MyService::Enum::Real(real) => {
                Self {
                    inner: __fakeable__MyService::Enum::Real(
                        <__fakeable__MyService::MyService as Service>::duplicate(real),
                    ),
                }
            }
            #[cfg(any(feature = "test-util", test))]
            __fakeable__MyService::Enum::Fake(fake) => {
                Self {
                    inner: __fakeable__MyService::Enum::Fake(fake.duplicate()),
                }
            }
        }
    }
}
