---
source: crates/fundle_macros_impl/tests/bundle_forward.rs
expression: expand_fundle_bundle!(item)
---
#[allow(non_camel_case_types, non_snake_case)]
struct Foo {
    x: Bar,
    #[something_else]
    y: Bar,
}
#[allow(non_camel_case_types, non_snake_case, clippy::items_after_statements)]
impl Foo {
    pub fn builder() -> FooBuilder<::fundle::Write, ::fundle::NotSet, ::fundle::NotSet> {
        FooBuilder::default()
    }
}
#[allow(non_camel_case_types, dead_code, non_snake_case, clippy::items_after_statements)]
struct FooBuilder<RW, X, Y> {
    x: ::std::option::Option<Bar>,
    y: ::std::option::Option<Bar>,
    _phantom: ::std::marker::PhantomData<(RW, X, Y)>,
}
#[allow(non_camel_case_types, non_snake_case, clippy::items_after_statements)]
impl ::std::default::Default
for FooBuilder<::fundle::Write, ::fundle::NotSet, ::fundle::NotSet> {
    fn default() -> Self {
        Self {
            x: ::std::option::Option::None,
            y: ::std::option::Option::None,
            _phantom: ::std::marker::PhantomData,
        }
    }
}
#[allow(non_camel_case_types, non_snake_case, clippy::items_after_statements)]
impl<X, Y> ::fundle::Writer for FooBuilder<::fundle::Write, X, Y> {
    type Reader = FooBuilder<::fundle::Read, X, Y>;
}
#[allow(non_camel_case_types, non_snake_case, clippy::items_after_statements)]
impl<X, Y> ::fundle::Reader for FooBuilder<::fundle::Read, X, Y> {
    type Writer = FooBuilder<::fundle::Write, X, Y>;
}
#[allow(non_camel_case_types, non_snake_case, clippy::items_after_statements)]
impl<X, Y> FooBuilder<::fundle::Write, X, Y> {
    pub fn read(self) -> FooBuilder<::fundle::Read, X, Y> {
        FooBuilder {
            x: self.x,
            y: self.y,
            _phantom: ::std::marker::PhantomData,
        }
    }
}
#[allow(non_camel_case_types, non_snake_case)]
impl<Y> FooBuilder<::fundle::Write, ::fundle::NotSet, Y> {
    pub fn x(
        self,
        f: impl ::std::ops::Fn(&<Self as ::fundle::Writer>::Reader) -> Bar,
    ) -> FooBuilder<::fundle::Write, ::fundle::Set, Y> {
        let read = self.read();
        let x = f(&read);
        FooBuilder {
            x: ::std::option::Option::Some(x),
            y: read.y,
            _phantom: ::std::marker::PhantomData,
        }
    }
    pub fn x_try<R: ::std::error::Error>(
        self,
        f: impl ::std::ops::Fn(
            &<Self as ::fundle::Writer>::Reader,
        ) -> ::std::result::Result<Bar, R>,
    ) -> ::std::result::Result<FooBuilder<::fundle::Write, ::fundle::Set, Y>, R> {
        let read = self.read();
        let x = f(&read)?;
        ::std::result::Result::Ok(FooBuilder {
            x: ::std::option::Option::Some(x),
            y: read.y,
            _phantom: ::std::marker::PhantomData,
        })
    }
    pub async fn x_try_async<F, R: ::std::error::Error>(
        self,
        f: F,
    ) -> ::std::result::Result<FooBuilder<::fundle::Write, ::fundle::Set, Y>, R>
    where
        F: AsyncFn(&<Self as ::fundle::Writer>::Reader) -> ::std::result::Result<Bar, R>,
    {
        let read = self.read();
        let x = f(&read).await?;
        ::std::result::Result::Ok(FooBuilder {
            x: ::std::option::Option::Some(x),
            y: read.y,
            _phantom: ::std::marker::PhantomData,
        })
    }
    pub async fn x_async<F>(self, f: F) -> FooBuilder<::fundle::Write, ::fundle::Set, Y>
    where
        F: AsyncFn(&<Self as ::fundle::Writer>::Reader) -> Bar,
    {
        let read = self.read();
        let x = f(&read).await;
        FooBuilder {
            x: ::std::option::Option::Some(x),
            y: read.y,
            _phantom: ::std::marker::PhantomData,
        }
    }
}
#[allow(non_camel_case_types, non_snake_case)]
impl<X> FooBuilder<::fundle::Write, X, ::fundle::NotSet> {
    pub fn y(
        self,
        f: impl ::std::ops::Fn(&<Self as ::fundle::Writer>::Reader) -> Bar,
    ) -> FooBuilder<::fundle::Write, X, ::fundle::Set> {
        let read = self.read();
        let y = f(&read);
        FooBuilder {
            x: read.x,
            y: ::std::option::Option::Some(y),
            _phantom: ::std::marker::PhantomData,
        }
    }
    pub fn y_try<R: ::std::error::Error>(
        self,
        f: impl ::std::ops::Fn(
            &<Self as ::fundle::Writer>::Reader,
        ) -> ::std::result::Result<Bar, R>,
    ) -> ::std::result::Result<FooBuilder<::fundle::Write, X, ::fundle::Set>, R> {
        let read = self.read();
        let y = f(&read)?;
        ::std::result::Result::Ok(FooBuilder {
            x: read.x,
            y: ::std::option::Option::Some(y),
            _phantom: ::std::marker::PhantomData,
        })
    }
    pub async fn y_try_async<F, R: ::std::error::Error>(
        self,
        f: F,
    ) -> ::std::result::Result<FooBuilder<::fundle::Write, X, ::fundle::Set>, R>
    where
        F: AsyncFn(&<Self as ::fundle::Writer>::Reader) -> ::std::result::Result<Bar, R>,
    {
        let read = self.read();
        let y = f(&read).await?;
        ::std::result::Result::Ok(FooBuilder {
            x: read.x,
            y: ::std::option::Option::Some(y),
            _phantom: ::std::marker::PhantomData,
        })
    }
    pub async fn y_async<F>(self, f: F) -> FooBuilder<::fundle::Write, X, ::fundle::Set>
    where
        F: AsyncFn(&<Self as ::fundle::Writer>::Reader) -> Bar,
    {
        let read = self.read();
        let y = f(&read).await;
        FooBuilder {
            x: read.x,
            y: ::std::option::Option::Some(y),
            _phantom: ::std::marker::PhantomData,
        }
    }
}
#[allow(non_camel_case_types, non_snake_case)]
impl<Y> FooBuilder<::fundle::Read, ::fundle::Set, Y> {
    pub fn x(&self) -> &Bar {
        self.x.as_ref().unwrap()
    }
}
#[allow(non_camel_case_types, non_snake_case)]
impl<X> FooBuilder<::fundle::Read, X, ::fundle::Set> {
    pub fn y(&self) -> &Bar {
        self.y.as_ref().unwrap()
    }
}
#[allow(non_camel_case_types, non_snake_case)]
impl ::std::convert::AsRef<u8> for Foo {
    fn as_ref(&self) -> &u8 {
        self.x.as_ref()
    }
}
#[allow(non_camel_case_types, non_snake_case)]
impl ::std::convert::AsRef<u16> for Foo {
    fn as_ref(&self) -> &u16 {
        self.x.as_ref()
    }
}
#[allow(non_camel_case_types, non_snake_case, clippy::items_after_statements)]
impl<RW, Y> ::std::convert::AsRef<u8> for FooBuilder<RW, ::fundle::Set, Y> {
    fn as_ref(&self) -> &u8 {
        self.x.as_ref().unwrap().as_ref()
    }
}
#[allow(non_camel_case_types, non_snake_case, clippy::items_after_statements)]
impl<RW, Y> ::std::convert::AsRef<u16> for FooBuilder<RW, ::fundle::Set, Y> {
    fn as_ref(&self) -> &u16 {
        self.x.as_ref().unwrap().as_ref()
    }
}
impl ::fundle::exports::Exports for Foo {
    const NUM_EXPORTS: usize = 2usize;
}
#[allow(clippy::items_after_statements)]
impl ::fundle::exports::Export<0usize> for Foo {
    type T = Bar;
    fn get(&self) -> &Self::T {
        &self.x
    }
}
#[allow(clippy::items_after_statements)]
impl ::fundle::exports::Export<1usize> for Foo {
    type T = Bar;
    fn get(&self) -> &Self::T {
        &self.y
    }
}
#[allow(non_camel_case_types, non_snake_case)]
impl<RW, Y> ::fundle::exports::Export<0usize> for FooBuilder<RW, ::fundle::Set, Y> {
    type T = Bar;
    fn get(&self) -> &Self::T {
        self.x.as_ref().unwrap()
    }
}
#[allow(non_camel_case_types, non_snake_case)]
impl<RW, X> ::fundle::exports::Export<1usize> for FooBuilder<RW, X, ::fundle::Set> {
    type T = Bar;
    fn get(&self) -> &Self::T {
        self.y.as_ref().unwrap()
    }
}
#[allow(non_camel_case_types, non_snake_case, clippy::items_after_statements)]
impl FooBuilder<::fundle::Write, ::fundle::Set, ::fundle::Set> {
    pub fn build(self) -> Foo {
        Foo {
            x: self.x.unwrap(),
            y: self.y.unwrap(),
        }
    }
}
#[allow(unused_macros, snake_case)]
macro_rules! Foo {
    (verify_field $builder_var:ident x) => {
        { fn verify_exists < RW, T2 > (_ : & FooBuilder < RW, ::fundle::Set, T2 >) {}
        verify_exists($builder_var); }
    };
    (verify_field $builder_var:ident y) => {
        { fn verify_exists < RW, T1 > (_ : & FooBuilder < RW, T1, ::fundle::Set >) {}
        verify_exists($builder_var); }
    };
    (
        select($builder_var:ident) => $($forward_type:ident ($forward_field:ident)),*
        $(,)?
    ) => {
        { $(Foo!(verify_field $builder_var $forward_field);)*
        #[allow(non_camel_case_types, non_snake_case, clippy::items_after_statements)]
        struct Select < 'a, RW, T1, T2 > { builder : & 'a FooBuilder < RW, T1, T2 >,
        $($forward_type : & 'a $forward_type,)* } $(#[allow(non_camel_case_types,
        non_snake_case, clippy::items_after_statements)] impl < 'a, RW, T1, T2 >
        ::std::convert::AsRef < $forward_type > for Select < 'a, RW, T1, T2 > { fn
        as_ref(& self) -> & $forward_type { self. $forward_type } })* Select { builder :
        & $builder_var, $($forward_type : $builder_var . $forward_field .as_ref()
        .unwrap(),)* } }
    };
}
