---
source: crates/fundle_macros_impl/tests/deps_generic.rs
expression: expand_fundle_deps!(item)
---
#[allow(private_bounds)]
struct Foo<T>
where
    T: Clone,
{
    x: T,
}
#[allow(private_bounds)]
impl<T, __FundleFromT> From<__FundleFromT> for Foo<T>
where
    __FundleFromT: AsRef<T>,
    T: Clone,
{
    fn from(value: __FundleFromT) -> Self {
        Self {
            x: <__FundleFromT as AsRef<T>>::as_ref(&value).to_owned(),
        }
    }
}
