---
source: crates/http_extensions/src/error_label.rs
expression: kind_map
---
[
    (
        NotFound,
        HttpErrorLabel(
            "io.not_found",
        ),
    ),
    (
        PermissionDenied,
        HttpErrorLabel(
            "io.permission_denied",
        ),
    ),
    (
        ConnectionRefused,
        HttpErrorLabel(
            "io.connection_refused",
        ),
    ),
    (
        ConnectionReset,
        HttpErrorLabel(
            "io.connection_reset",
        ),
    ),
    (
        HostUnreachable,
        HttpErrorLabel(
            "io.host_unreachable",
        ),
    ),
    (
        NetworkUnreachable,
        HttpErrorLabel(
            "io.network_unreachable",
        ),
    ),
    (
        ConnectionAborted,
        HttpErrorLabel(
            "io.connection_aborted",
        ),
    ),
    (
        NotConnected,
        HttpErrorLabel(
            "io.not_connected",
        ),
    ),
    (
        AddrInUse,
        HttpErrorLabel(
            "io.addr_in_use",
        ),
    ),
    (
        AddrNotAvailable,
        HttpErrorLabel(
            "io.addr_not_available",
        ),
    ),
    (
        NetworkDown,
        HttpErrorLabel(
            "io.network_down",
        ),
    ),
    (
        BrokenPipe,
        HttpErrorLabel(
            "io.broken_pipe",
        ),
    ),
    (
        AlreadyExists,
        HttpErrorLabel(
            "io.already_exists",
        ),
    ),
    (
        WouldBlock,
        HttpErrorLabel(
            "io.would_block",
        ),
    ),
    (
        NotADirectory,
        HttpErrorLabel(
            "io.not_a_directory",
        ),
    ),
    (
        IsADirectory,
        HttpErrorLabel(
            "io.is_a_directory",
        ),
    ),
    (
        DirectoryNotEmpty,
        HttpErrorLabel(
            "io.directory_not_empty",
        ),
    ),
    (
        ReadOnlyFilesystem,
        HttpErrorLabel(
            "io.read_only_filesystem",
        ),
    ),
    (
        StaleNetworkFileHandle,
        HttpErrorLabel(
            "io.stale_network_file_handle",
        ),
    ),
    (
        InvalidInput,
        HttpErrorLabel(
            "io.invalid_input",
        ),
    ),
    (
        InvalidData,
        HttpErrorLabel(
            "io.invalid_data",
        ),
    ),
    (
        TimedOut,
        HttpErrorLabel(
            "io.timed_out",
        ),
    ),
    (
        WriteZero,
        HttpErrorLabel(
            "io.write_zero",
        ),
    ),
    (
        StorageFull,
        HttpErrorLabel(
            "io.storage_full",
        ),
    ),
    (
        NotSeekable,
        HttpErrorLabel(
            "io.not_seekable",
        ),
    ),
    (
        QuotaExceeded,
        HttpErrorLabel(
            "io.quota_exceeded",
        ),
    ),
    (
        FileTooLarge,
        HttpErrorLabel(
            "io.file_too_large",
        ),
    ),
    (
        ResourceBusy,
        HttpErrorLabel(
            "io.resource_busy",
        ),
    ),
    (
        ExecutableFileBusy,
        HttpErrorLabel(
            "io.executable_file_busy",
        ),
    ),
    (
        Deadlock,
        HttpErrorLabel(
            "io.deadlock",
        ),
    ),
    (
        CrossesDevices,
        HttpErrorLabel(
            "io.crosses_devices",
        ),
    ),
    (
        TooManyLinks,
        HttpErrorLabel(
            "io.too_many_links",
        ),
    ),
    (
        InvalidFilename,
        HttpErrorLabel(
            "io.invalid_filename",
        ),
    ),
    (
        ArgumentListTooLong,
        HttpErrorLabel(
            "io.argument_list_too_long",
        ),
    ),
    (
        Interrupted,
        HttpErrorLabel(
            "io.interrupted",
        ),
    ),
    (
        Unsupported,
        HttpErrorLabel(
            "io.unsupported",
        ),
    ),
    (
        UnexpectedEof,
        HttpErrorLabel(
            "io.unexpected_eof",
        ),
    ),
    (
        OutOfMemory,
        HttpErrorLabel(
            "io.out_of_memory",
        ),
    ),
    (
        Other,
        HttpErrorLabel(
            "io.other",
        ),
    ),
]
