---
source: crates/http_extensions/src/error_label.rs
expression: kind_map
---
[
    (
        WouldBlock,
        HttpErrorLabel(
            "would_block",
        ),
    ),
    (
        TimedOut,
        HttpErrorLabel(
            "timed_out",
        ),
    ),
    (
        ConnectionReset,
        HttpErrorLabel(
            "connection_reset",
        ),
    ),
    (
        ConnectionAborted,
        HttpErrorLabel(
            "connection_aborted",
        ),
    ),
    (
        NotConnected,
        HttpErrorLabel(
            "not_connected",
        ),
    ),
    (
        ConnectionRefused,
        HttpErrorLabel(
            "connection_refused",
        ),
    ),
    (
        AddrInUse,
        HttpErrorLabel(
            "addr_in_use",
        ),
    ),
    (
        AddrNotAvailable,
        HttpErrorLabel(
            "addr_not_available",
        ),
    ),
    (
        BrokenPipe,
        HttpErrorLabel(
            "broken_pipe",
        ),
    ),
    (
        Interrupted,
        HttpErrorLabel(
            "interrupted",
        ),
    ),
    (
        StaleNetworkFileHandle,
        HttpErrorLabel(
            "stale_network_file_handle",
        ),
    ),
    (
        ResourceBusy,
        HttpErrorLabel(
            "resource_busy",
        ),
    ),
    (
        HostUnreachable,
        HttpErrorLabel(
            "host_unreachable",
        ),
    ),
    (
        NetworkUnreachable,
        HttpErrorLabel(
            "network_unreachable",
        ),
    ),
    (
        NetworkDown,
        HttpErrorLabel(
            "network_down",
        ),
    ),
    (
        NotFound,
        HttpErrorLabel(
            "not_found",
        ),
    ),
    (
        PermissionDenied,
        HttpErrorLabel(
            "permission_denied",
        ),
    ),
    (
        AlreadyExists,
        HttpErrorLabel(
            "already_exists",
        ),
    ),
    (
        InvalidData,
        HttpErrorLabel(
            "invalid_data",
        ),
    ),
    (
        InvalidInput,
        HttpErrorLabel(
            "invalid_input",
        ),
    ),
    (
        UnexpectedEof,
        HttpErrorLabel(
            "unexpected_eof",
        ),
    ),
    (
        WriteZero,
        HttpErrorLabel(
            "write_zero",
        ),
    ),
    (
        Unsupported,
        HttpErrorLabel(
            "unsupported",
        ),
    ),
    (
        OutOfMemory,
        HttpErrorLabel(
            "out_of_memory",
        ),
    ),
    (
        NotADirectory,
        HttpErrorLabel(
            "not_a_directory",
        ),
    ),
    (
        IsADirectory,
        HttpErrorLabel(
            "is_a_directory",
        ),
    ),
    (
        DirectoryNotEmpty,
        HttpErrorLabel(
            "directory_not_empty",
        ),
    ),
    (
        ReadOnlyFilesystem,
        HttpErrorLabel(
            "read_only_filesystem",
        ),
    ),
    (
        StorageFull,
        HttpErrorLabel(
            "storage_full",
        ),
    ),
    (
        NotSeekable,
        HttpErrorLabel(
            "not_seekable",
        ),
    ),
    (
        QuotaExceeded,
        HttpErrorLabel(
            "quota_exceeded",
        ),
    ),
    (
        FileTooLarge,
        HttpErrorLabel(
            "file_too_large",
        ),
    ),
    (
        ExecutableFileBusy,
        HttpErrorLabel(
            "executable_file_busy",
        ),
    ),
    (
        Deadlock,
        HttpErrorLabel(
            "deadlock",
        ),
    ),
    (
        CrossesDevices,
        HttpErrorLabel(
            "crosses_devices",
        ),
    ),
    (
        TooManyLinks,
        HttpErrorLabel(
            "too_many_links",
        ),
    ),
    (
        InvalidFilename,
        HttpErrorLabel(
            "invalid_filename",
        ),
    ),
    (
        ArgumentListTooLong,
        HttpErrorLabel(
            "argument_list_too_long",
        ),
    ),
    (
        Other,
        HttpErrorLabel(
            "other",
        ),
    ),
]
